PASS  users get ids from the identity column
PASS  rename to a taken safe name returns false
PASS  rename to a free name returns true
PASS  lookup by safe name ignores case and spaces
PASS  local beatmapset id comes from the sequence (1000000000)
PASS  score is stored
PASS  a duplicate checksum is refused
PASS  a match name with NUL is refused by the Domain
PASS  rename and snapshot survived a restart
PASS  country filter uses = any(...) (2)
PASS  restriction and its later update stored
PASS  match snapshot stored
PASS  match events appended in order
PASS  RetainAsync deleted the others in one statement
PASS  taiko objects read back from jsonb
PASS  beatmap text search ignores case (ILIKE) (2)
PASS  circle count filter reads jsonb (1)
PASS  settings update stored
PASS  a statement the database refuses fails alone
fail: Basil.Infrastructure.Storage.Writing.DatabaseWriter[0]
      A write of Root { Kind = User, Id = 1 } for System.Object was refused and not stored
      Npgsql.PostgresException (0x80004005): 42P01: relation "missing_table" does not exist
      
      POSITION: 13
         at Npgsql.Internal.NpgsqlConnector.ReadMessageLong(Boolean async, DataRowLoadingMode dataRowLoadingMode, Boolean readingNotifications, Boolean isReadingPrependedMessage)
         at System.Runtime.CompilerServices.PoolingAsyncValueTaskMethodBuilder`1.StateMachineBox`1.System.Threading.Tasks.Sources.IValueTaskSource<TResult>.GetResult(Int16 token)
         at Npgsql.NpgsqlDataReader.NextResult(Boolean async, Boolean isConsuming, CancellationToken cancellationToken)
         at Npgsql.NpgsqlDataReader.NextResult(Boolean async, Boolean isConsuming, CancellationToken cancellationToken)
         at Npgsql.NpgsqlCommand.ExecuteReader(Boolean async, CommandBehavior behavior, CancellationToken cancellationToken)
         at Npgsql.NpgsqlCommand.ExecuteReader(Boolean async, CommandBehavior behavior, CancellationToken cancellationToken)
         at Npgsql.NpgsqlCommand.ExecuteNonQuery(Boolean async, CancellationToken cancellationToken)
         at Basil.Infrastructure.Storage.Writing.DatabaseWriter.RunSnapshotAsync(Pending pending) in V:\Code\cs\osuBasil\src\Infrastructure\Storage\Writing\DatabaseWriter.cs:line 218
         at Basil.Infrastructure.Storage.Writing.DatabaseWriter.RunSnapshotAsync(Pending pending) in V:\Code\cs\osuBasil\src\Infrastructure\Storage\Writing\DatabaseWriter.cs:line 218
         at Basil.Infrastructure.Storage.Writing.DatabaseWriter.RunSnapshotAsync(Pending pending) in V:\Code\cs\osuBasil\src\Infrastructure\Storage\Writing\DatabaseWriter.cs:line 218
         at Basil.Infrastructure.Storage.Writing.DatabaseWriter.RunAsync(Root root, Pending pending) in V:\Code\cs\osuBasil\src\Infrastructure\Storage\Writing\DatabaseWriter.cs:line 160
        Exception data:
          Severity: ERROR
          SqlState: 42P01
          MessageText: relation "missing_table" does not exist
          Position: 13
          File: parse_relation.c
          Line: 1501
          Routine: parserOpenTable
PASS  the rest of the batch is stored
PASS  two roots in different lanes interleave, each keeps its order
PASS  pg_xact_status reports a committed transaction
      terminated 7 backends at write 5000
warn: Basil.Infrastructure.Storage.Writing.DatabaseWriter[0]
      A write of Root { Kind = Match, Id = 25 } could not be stored; trying again in 00:00:00.0500000
      Npgsql.PostgresException (0x80004005): 57P01: terminating connection due to administrator command
         at Npgsql.Internal.NpgsqlConnector.ReadMessageLong(Boolean async, DataRowLoadingMode dataRowLoadingMode, Boolean readingNotifications, Boolean isReadingPrependedMessage)
         at System.Runtime.CompilerServices.PoolingAsyncValueTaskMethodBuilder`1.StateMachineBox`1.System.Threading.Tasks.Sources.IValueTaskSource<TResult>.GetResult(Int16 token)
         at Npgsql.NpgsqlDataReader.NextResult(Boolean async, Boolean isConsuming, CancellationToken cancellationToken)
         at Npgsql.NpgsqlDataReader.NextResult(Boolean async, Boolean isConsuming, CancellationToken cancellationToken)
         at Npgsql.NpgsqlCommand.ExecuteReader(Boolean async, CommandBehavior behavior, CancellationToken cancellationToken)
         at Npgsql.NpgsqlCommand.ExecuteReader(Boolean async, CommandBehavior behavior, CancellationToken cancellationToken)
         at Npgsql.NpgsqlCommand.ExecuteNonQuery(Boolean async, CancellationToken cancellationToken)
         at Basil.Infrastructure.Storage.Writing.DatabaseWriter.RunSnapshotAsync(Pending pending) in V:\Code\cs\osuBasil\src\Infrastructure\Storage\Writing\DatabaseWriter.cs:line 218
         at Basil.Infrastructure.Storage.Writing.DatabaseWriter.RunSnapshotAsync(Pending pending) in V:\Code\cs\osuBasil\src\Infrastructure\Storage\Writing\DatabaseWriter.cs:line 218
         at Basil.Infrastructure.Storage.Writing.DatabaseWriter.RunSnapshotAsync(Pending pending) in V:\Code\cs\osuBasil\src\Infrastructure\Storage\Writing\DatabaseWriter.cs:line 218
         at Basil.Infrastructure.Storage.Writing.DatabaseWriter.RunAsync(Root root, Pending pending) in V:\Code\cs\osuBasil\src\Infrastructure\Storage\Writing\DatabaseWriter.cs:line 160
        Exception data:
          Severity: FATAL
          SqlState: 57P01
          MessageText: terminating connection due to administrator command
          File: postgres.c
          Line: 3356
          Routine: ProcessInterrupts
warn: Basil.Infrastructure.Storage.Writing.DatabaseWriter[0]
      A write of Root { Kind = Match, Id = 21 } could not be stored; trying again in 00:00:00.0500000
      Npgsql.PostgresException (0x80004005): 57P01: terminating connection due to administrator command
         at Npgsql.Internal.NpgsqlConnector.ReadMessageLong(Boolean async, DataRowLoadingMode dataRowLoadingMode, Boolean readingNotifications, Boolean isReadingPrependedMessage)
         at System.Runtime.CompilerServices.PoolingAsyncValueTaskMethodBuilder`1.StateMachineBox`1.System.Threading.Tasks.Sources.IValueTaskSource<TResult>.GetResult(Int16 token)
         at Npgsql.Internal.NpgsqlConnector.ReadMessageLong(Boolean async, DataRowLoadingMode dataRowLoadingMode, Boolean readingNotifications, Boolean isReadingPrependedMessage)
         at System.Runtime.CompilerServices.PoolingAsyncValueTaskMethodBuilder`1.StateMachineBox`1.System.Threading.Tasks.Sources.IValueTaskSource<TResult>.GetResult(Int16 token)
         at Npgsql.NpgsqlDataReader.NextResult(Boolean async, Boolean isConsuming, CancellationToken cancellationToken)
         at Npgsql.NpgsqlDataReader.NextResult(Boolean async, Boolean isConsuming, CancellationToken cancellationToken)
         at Npgsql.NpgsqlCommand.ExecuteReader(Boolean async, CommandBehavior behavior, CancellationToken cancellationToken)
         at Npgsql.NpgsqlCommand.ExecuteReader(Boolean async, CommandBehavior behavior, CancellationToken cancellationToken)
         at Npgsql.NpgsqlCommand.ExecuteNonQuery(Boolean async, CancellationToken cancellationToken)
         at Basil.Infrastructure.Storage.Writing.DatabaseWriter.RunSnapshotAsync(Pending pending) in V:\Code\cs\osuBasil\src\Infrastructure\Storage\Writing\DatabaseWriter.cs:line 218
         at Basil.Infrastructure.Storage.Writing.DatabaseWriter.RunSnapshotAsync(Pending pending) in V:\Code\cs\osuBasil\src\Infrastructure\Storage\Writing\DatabaseWriter.cs:line 218
         at Basil.Infrastructure.Storage.Writing.DatabaseWriter.RunSnapshotAsync(Pending pending) in V:\Code\cs\osuBasil\src\Infrastructure\Storage\Writing\DatabaseWriter.cs:line 218
         at Basil.Infrastructure.Storage.Writing.DatabaseWriter.RunAsync(Root root, Pending pending) in V:\Code\cs\osuBasil\src\Infrastructure\Storage\Writing\DatabaseWriter.cs:line 160
        Exception data:
          Severity: FATAL
          SqlState: 57P01
          MessageText: terminating connection due to administrator command
          File: postgres.c
          Line: 3356
          Routine: ProcessInterrupts
warn: Basil.Infrastructure.Storage.Writing.DatabaseWriter[0]
      A write of Root { Kind = Match, Id = 39 } could not be stored; trying again in 00:00:00.0500000
      Npgsql.PostgresException (0x80004005): 57P01: terminating connection due to administrator command
         at Npgsql.Internal.NpgsqlConnector.ReadMessageLong(Boolean async, DataRowLoadingMode dataRowLoadingMode, Boolean readingNotifications, Boolean isReadingPrependedMessage)
         at System.Runtime.CompilerServices.PoolingAsyncValueTaskMethodBuilder`1.StateMachineBox`1.System.Threading.Tasks.Sources.IValueTaskSource<TResult>.GetResult(Int16 token)
         at Npgsql.Internal.NpgsqlConnector.ReadMessageLong(Boolean async, DataRowLoadingMode dataRowLoadingMode, Boolean readingNotifications, Boolean isReadingPrependedMessage)
         at System.Runtime.CompilerServices.PoolingAsyncValueTaskMethodBuilder`1.StateMachineBox`1.System.Threading.Tasks.Sources.IValueTaskSource<TResult>.GetResult(Int16 token)
         at Npgsql.NpgsqlDataReader.NextResult(Boolean async, Boolean isConsuming, CancellationToken cancellationToken)
         at Npgsql.NpgsqlDataReader.NextResult(Boolean async, Boolean isConsuming, CancellationToken cancellationToken)
         at Npgsql.NpgsqlCommand.ExecuteReader(Boolean async, CommandBehavior behavior, CancellationToken cancellationToken)
         at Npgsql.NpgsqlCommand.ExecuteReader(Boolean async, CommandBehavior behavior, CancellationToken cancellationToken)
         at Npgsql.NpgsqlCommand.ExecuteNonQuery(Boolean async, CancellationToken cancellationToken)
         at Basil.Infrastructure.Storage.Writing.DatabaseWriter.RunSnapshotAsync(Pending pending) in V:\Code\cs\osuBasil\src\Infrastructure\Storage\Writing\DatabaseWriter.cs:line 218
         at Basil.Infrastructure.Storage.Writing.DatabaseWriter.RunSnapshotAsync(Pending pending) in V:\Code\cs\osuBasil\src\Infrastructure\Storage\Writing\DatabaseWriter.cs:line 218
         at Basil.Infrastructure.Storage.Writing.DatabaseWriter.RunSnapshotAsync(Pending pending) in V:\Code\cs\osuBasil\src\Infrastructure\Storage\Writing\DatabaseWriter.cs:line 218
         at Basil.Infrastructure.Storage.Writing.DatabaseWriter.RunAsync(Root root, Pending pending) in V:\Code\cs\osuBasil\src\Infrastructure\Storage\Writing\DatabaseWriter.cs:line 160
        Exception data:
          Severity: FATAL
          SqlState: 57P01
          MessageText: terminating connection due to administrator command
          File: postgres.c
          Line: 3356
          Routine: ProcessInterrupts
warn: Basil.Infrastructure.Storage.Writing.DatabaseWriter[0]
      A write of Root { Kind = Match, Id = 37 } could not be stored; trying again in 00:00:00.0500000
      Npgsql.PostgresException (0x80004005): 57P01: terminating connection due to administrator command
         at Npgsql.Internal.NpgsqlConnector.ReadMessageLong(Boolean async, DataRowLoadingMode dataRowLoadingMode, Boolean readingNotifications, Boolean isReadingPrependedMessage)
         at System.Runtime.CompilerServices.PoolingAsyncValueTaskMethodBuilder`1.StateMachineBox`1.System.Threading.Tasks.Sources.IValueTaskSource<TResult>.GetResult(Int16 token)
         at Npgsql.NpgsqlDataReader.NextResult(Boolean async, Boolean isConsuming, CancellationToken cancellationToken)
         at Npgsql.NpgsqlDataReader.NextResult(Boolean async, Boolean isConsuming, CancellationToken cancellationToken)
         at Npgsql.NpgsqlCommand.ExecuteReader(Boolean async, CommandBehavior behavior, CancellationToken cancellationToken)
         at Npgsql.NpgsqlCommand.ExecuteReader(Boolean async, CommandBehavior behavior, CancellationToken cancellationToken)
         at Npgsql.NpgsqlCommand.ExecuteNonQuery(Boolean async, CancellationToken cancellationToken)
         at Basil.Infrastructure.Storage.Writing.DatabaseWriter.RunSnapshotAsync(Pending pending) in V:\Code\cs\osuBasil\src\Infrastructure\Storage\Writing\DatabaseWriter.cs:line 218
         at Basil.Infrastructure.Storage.Writing.DatabaseWriter.RunSnapshotAsync(Pending pending) in V:\Code\cs\osuBasil\src\Infrastructure\Storage\Writing\DatabaseWriter.cs:line 218
         at Basil.Infrastructure.Storage.Writing.DatabaseWriter.RunSnapshotAsync(Pending pending) in V:\Code\cs\osuBasil\src\Infrastructure\Storage\Writing\DatabaseWriter.cs:line 218
         at Basil.Infrastructure.Storage.Writing.DatabaseWriter.RunAsync(Root root, Pending pending) in V:\Code\cs\osuBasil\src\Infrastructure\Storage\Writing\DatabaseWriter.cs:line 160
        Exception data:
          Severity: FATAL
          SqlState: 57P01
          MessageText: terminating connection due to administrator command
          File: postgres.c
          Line: 3356
          Routine: ProcessInterrupts
warn: Basil.Infrastructure.Storage.Writing.DatabaseWriter[0]
      A write of Root { Kind = Match, Id = 9 } could not be stored; trying again in 00:00:00.0500000
      Npgsql.PostgresException (0x80004005): 57P01: terminating connection due to administrator command
         at Npgsql.Internal.NpgsqlConnector.ReadMessageLong(Boolean async, DataRowLoadingMode dataRowLoadingMode, Boolean readingNotifications, Boolean isReadingPrependedMessage)
         at System.Runtime.CompilerServices.PoolingAsyncValueTaskMethodBuilder`1.StateMachineBox`1.System.Threading.Tasks.Sources.IValueTaskSource<TResult>.GetResult(Int16 token)
         at Npgsql.Internal.NpgsqlConnector.ReadMessageLong(Boolean async, DataRowLoadingMode dataRowLoadingMode, Boolean readingNotifications, Boolean isReadingPrependedMessage)
         at System.Runtime.CompilerServices.PoolingAsyncValueTaskMethodBuilder`1.StateMachineBox`1.System.Threading.Tasks.Sources.IValueTaskSource<TResult>.GetResult(Int16 token)
         at Npgsql.NpgsqlDataReader.NextResult(Boolean async, Boolean isConsuming, CancellationToken cancellationToken)
         at Npgsql.NpgsqlDataReader.NextResult(Boolean async, Boolean isConsuming, CancellationToken cancellationToken)
         at Npgsql.NpgsqlCommand.ExecuteReader(Boolean async, CommandBehavior behavior, CancellationToken cancellationToken)
         at Npgsql.NpgsqlCommand.ExecuteReader(Boolean async, CommandBehavior behavior, CancellationToken cancellationToken)
         at Npgsql.NpgsqlCommand.ExecuteNonQuery(Boolean async, CancellationToken cancellationToken)
         at Basil.Infrastructure.Storage.Writing.DatabaseWriter.RunSnapshotAsync(Pending pending) in V:\Code\cs\osuBasil\src\Infrastructure\Storage\Writing\DatabaseWriter.cs:line 218
         at Basil.Infrastructure.Storage.Writing.DatabaseWriter.RunSnapshotAsync(Pending pending) in V:\Code\cs\osuBasil\src\Infrastructure\Storage\Writing\DatabaseWriter.cs:line 218
         at Basil.Infrastructure.Storage.Writing.DatabaseWriter.RunSnapshotAsync(Pending pending) in V:\Code\cs\osuBasil\src\Infrastructure\Storage\Writing\DatabaseWriter.cs:line 218
         at Basil.Infrastructure.Storage.Writing.DatabaseWriter.RunAsync(Root root, Pending pending) in V:\Code\cs\osuBasil\src\Infrastructure\Storage\Writing\DatabaseWriter.cs:line 160
        Exception data:
          Severity: FATAL
          SqlState: 57P01
          MessageText: terminating connection due to administrator command
          File: postgres.c
          Line: 3356
          Routine: ProcessInterrupts
warn: Basil.Infrastructure.Storage.Writing.DatabaseWriter[0]
      A write of Root { Kind = Match, Id = 0 } could not be stored; trying again in 00:00:00.0500000
      Npgsql.PostgresException (0x80004005): 57P01: terminating connection due to administrator command
         at Npgsql.Internal.NpgsqlConnector.ReadMessageLong(Boolean async, DataRowLoadingMode dataRowLoadingMode, Boolean readingNotifications, Boolean isReadingPrependedMessage)
         at System.Runtime.CompilerServices.PoolingAsyncValueTaskMethodBuilder`1.StateMachineBox`1.System.Threading.Tasks.Sources.IValueTaskSource<TResult>.GetResult(Int16 token)
         at Npgsql.Internal.NpgsqlConnector.ReadMessageLong(Boolean async, DataRowLoadingMode dataRowLoadingMode, Boolean readingNotifications, Boolean isReadingPrependedMessage)
         at System.Runtime.CompilerServices.PoolingAsyncValueTaskMethodBuilder`1.StateMachineBox`1.System.Threading.Tasks.Sources.IValueTaskSource<TResult>.GetResult(Int16 token)
         at Npgsql.NpgsqlDataReader.NextResult(Boolean async, Boolean isConsuming, CancellationToken cancellationToken)
         at Npgsql.NpgsqlDataReader.NextResult(Boolean async, Boolean isConsuming, CancellationToken cancellationToken)
         at Npgsql.NpgsqlCommand.ExecuteReader(Boolean async, CommandBehavior behavior, CancellationToken cancellationToken)
         at Npgsql.NpgsqlCommand.ExecuteReader(Boolean async, CommandBehavior behavior, CancellationToken cancellationToken)
         at Npgsql.NpgsqlCommand.ExecuteNonQuery(Boolean async, CancellationToken cancellationToken)
         at Basil.Infrastructure.Storage.Writing.DatabaseWriter.RunSnapshotAsync(Pending pending) in V:\Code\cs\osuBasil\src\Infrastructure\Storage\Writing\DatabaseWriter.cs:line 218
         at Basil.Infrastructure.Storage.Writing.DatabaseWriter.RunSnapshotAsync(Pending pending) in V:\Code\cs\osuBasil\src\Infrastructure\Storage\Writing\DatabaseWriter.cs:line 218
         at Basil.Infrastructure.Storage.Writing.DatabaseWriter.RunSnapshotAsync(Pending pending) in V:\Code\cs\osuBasil\src\Infrastructure\Storage\Writing\DatabaseWriter.cs:line 218
         at Basil.Infrastructure.Storage.Writing.DatabaseWriter.RunAsync(Root root, Pending pending) in V:\Code\cs\osuBasil\src\Infrastructure\Storage\Writing\DatabaseWriter.cs:line 160
        Exception data:
          Severity: FATAL
          SqlState: 57P01
          MessageText: terminating connection due to administrator command
          File: postgres.c
          Line: 3356
          Routine: ProcessInterrupts
warn: Basil.Infrastructure.Storage.Writing.DatabaseWriter[0]
      A write of Root { Kind = User, Id = 1 } could not be stored; trying again in 00:00:00.0500000
      Npgsql.NpgsqlException (0x80004005): Exception while writing to stream
       ---> System.IO.IOException: Unable to write data to the transport connection: An existing connection was forcibly closed by the remote host..
       ---> System.Net.Sockets.SocketException (10054): An existing connection was forcibly closed by the remote host.
         at System.Net.Sockets.Socket.AwaitableSocketAsyncEventArgs.CreateException(SocketError error, Boolean forAsyncThrow)
         at System.Net.Sockets.Socket.AwaitableSocketAsyncEventArgs.SendAsyncForNetworkStream(Socket socket, CancellationToken cancellationToken)
         at System.Net.Sockets.Socket.SendAsyncForNetworkStream(ReadOnlyMemory`1 buffer, SocketFlags socketFlags, CancellationToken cancellationToken)
         at System.Net.Sockets.NetworkStream.WriteAsync(Byte[] buffer, Int32 offset, Int32 count, CancellationToken cancellationToken)
         at Npgsql.Internal.NpgsqlWriteBuffer.Flush(Boolean async, CancellationToken cancellationToken)
         at System.Runtime.CompilerServices.AsyncMethodBuilderCore.Start[TStateMachine](TStateMachine& stateMachine)
         at Npgsql.Internal.NpgsqlWriteBuffer.Flush(Boolean async, CancellationToken cancellationToken)
         at Npgsql.Internal.NpgsqlConnector.Flush(Boolean async, CancellationToken cancellationToken)
         at Npgsql.NpgsqlCommand.<Write>g__WriteExecute|103_0(NpgsqlConnector connector, Boolean async, Boolean flush, CancellationToken cancellationToken)
         at System.Runtime.CompilerServices.AsyncMethodBuilderCore.Start[TStateMachine](TStateMachine& stateMachine)
         at Npgsql.NpgsqlCommand.<Write>g__WriteExecute|103_0(NpgsqlConnector connector, Boolean async, Boolean flush, CancellationToken cancellationToken)
         at Npgsql.NpgsqlCommand.Write(NpgsqlConnector connector, Boolean async, Boolean flush, CancellationToken cancellationToken)
         at Npgsql.NpgsqlCommand.ExecuteReader(Boolean async, CommandBehavior behavior, CancellationToken cancellationToken)
         at System.Runtime.CompilerServices.AsyncMethodBuilderCore.Start[TStateMachine](TStateMachine& stateMachine)
         at Npgsql.NpgsqlCommand.ExecuteReader(Boolean async, CommandBehavior behavior, CancellationToken cancellationToken)
         at Npgsql.NpgsqlCommand.ExecuteNonQuery(Boolean async, CancellationToken cancellationToken)
         at System.Runtime.CompilerServices.AsyncMethodBuilderCore.Start[TStateMachine](TStateMachine& stateMachine)
         at Npgsql.NpgsqlCommand.ExecuteNonQueryAsync(CancellationToken cancellationToken)
         at Basil.Infrastructure.Storage.Writing.DatabaseWriter.RunTryOpAsync(Pending pending) in V:\Code\cs\osuBasil\src\Infrastructure\Storage\Writing\DatabaseWriter.cs:line 230
         at System.Runtime.CompilerServices.AsyncMethodBuilderCore.Start[TStateMachine](TStateMachine& stateMachine)
         at Basil.Infrastructure.Storage.Writing.DatabaseWriter.RunTryOpAsync(Pending pending)
         at Basil.Infrastructure.Storage.Writing.DatabaseWriter.RunAsync(Root root, Pending pending) in V:\Code\cs\osuBasil\src\Infrastructure\Storage\Writing\DatabaseWriter.cs:line 162
         at System.Threading.ExecutionContext.RunInternal(ExecutionContext executionContext, ContextCallback callback, Object state)
         at System.Runtime.CompilerServices.AsyncTaskMethodBuilder`1.AsyncStateMachineBox`1.MoveNext(Thread threadPoolThread)
         at System.Threading.Tasks.AwaitTaskContinuation.RunOrScheduleAction(IAsyncStateMachineBox box, Boolean allowInlining)
         at System.Threading.Tasks.Task.RunContinuations(Object continuationObject)
         at System.Threading.Tasks.Task`1.TrySetResult(TResult result)
         at System.Runtime.CompilerServices.AsyncTaskMethodBuilder`1.SetExistingTaskResult(Task`1 task, TResult result)
         at System.Threading.SemaphoreSlim.WaitUntilCountOrTimeoutAsync(TaskNode asyncWaiter, Int64 millisecondsTimeout, CancellationToken cancellationToken)
         at System.Threading.ExecutionContext.RunInternal(ExecutionContext executionContext, ContextCallback callback, Object state)
         at System.Runtime.CompilerServices.AsyncTaskMethodBuilder`1.AsyncStateMachineBox`1.MoveNext(Thread threadPoolThread)
         at System.Threading.Tasks.AwaitTaskContinuation.RunOrScheduleAction(IAsyncStateMachineBox box, Boolean allowInlining)
         at System.Threading.Tasks.Task.RunContinuations(Object continuationObject)
         at System.Threading.Tasks.Task`1.TrySetResult(TResult result)
         at System.Threading.Tasks.Task.CancellationPromise`1.System.Threading.Tasks.ITaskCompletionAction.Invoke(Task completingTask)
         at System.Threading.ThreadPoolWorkQueue.Dispatch()
         at System.Threading.PortableThreadPool.WorkerThread.WorkerThreadStart()
         at System.Threading.Thread.StartCallback()
      --- End of stack trace from previous location ---
      
         --- End of inner exception stack trace ---
         at Npgsql.Internal.NpgsqlWriteBuffer.Flush(Boolean async, CancellationToken cancellationToken)
         at Npgsql.Internal.NpgsqlWriteBuffer.Flush(Boolean async, CancellationToken cancellationToken)
         at Npgsql.NpgsqlCommand.<Write>g__WriteExecute|103_0(NpgsqlConnector connector, Boolean async, Boolean flush, CancellationToken cancellationToken)
         at Npgsql.NpgsqlCommand.ExecuteReader(Boolean async, CommandBehavior behavior, CancellationToken cancellationToken)
         at Npgsql.NpgsqlCommand.ExecuteReader(Boolean async, CommandBehavior behavior, CancellationToken cancellationToken)
         at Npgsql.NpgsqlCommand.ExecuteNonQuery(Boolean async, CancellationToken cancellationToken)
         at Basil.Infrastructure.Storage.Writing.DatabaseWriter.RunTryOpAsync(Pending pending) in V:\Code\cs\osuBasil\src\Infrastructure\Storage\Writing\DatabaseWriter.cs:line 230
         at Basil.Infrastructure.Storage.Writing.DatabaseWriter.RunTryOpAsync(Pending pending) in V:\Code\cs\osuBasil\src\Infrastructure\Storage\Writing\DatabaseWriter.cs:line 230
         at Basil.Infrastructure.Storage.Writing.DatabaseWriter.RunTryOpAsync(Pending pending) in V:\Code\cs\osuBasil\src\Infrastructure\Storage\Writing\DatabaseWriter.cs:line 235
         at Basil.Infrastructure.Storage.Writing.DatabaseWriter.RunTryOpAsync(Pending pending) in V:\Code\cs\osuBasil\src\Infrastructure\Storage\Writing\DatabaseWriter.cs:line 235
         at Basil.Infrastructure.Storage.Writing.DatabaseWriter.RunAsync(Root root, Pending pending) in V:\Code\cs\osuBasil\src\Infrastructure\Storage\Writing\DatabaseWriter.cs:line 162
      terminated 7 backends at write 15000
warn: Basil.Infrastructure.Storage.Writing.DatabaseWriter[0]
      A write of Root { Kind = Match, Id = 2 } could not be stored; trying again in 00:00:00.0500000
      Npgsql.PostgresException (0x80004005): 57P01: terminating connection due to administrator command
         at Npgsql.Internal.NpgsqlConnector.ReadMessageLong(Boolean async, DataRowLoadingMode dataRowLoadingMode, Boolean readingNotifications, Boolean isReadingPrependedMessage)
         at System.Runtime.CompilerServices.PoolingAsyncValueTaskMethodBuilder`1.StateMachineBox`1.System.Threading.Tasks.Sources.IValueTaskSource<TResult>.GetResult(Int16 token)
         at Npgsql.NpgsqlDataReader.NextResult(Boolean async, Boolean isConsuming, CancellationToken cancellationToken)
         at Npgsql.NpgsqlDataReader.NextResult(Boolean async, Boolean isConsuming, CancellationToken cancellationToken)
         at Npgsql.NpgsqlCommand.ExecuteReader(Boolean async, CommandBehavior behavior, CancellationToken cancellationToken)
         at Npgsql.NpgsqlCommand.ExecuteReader(Boolean async, CommandBehavior behavior, CancellationToken cancellationToken)
         at Npgsql.NpgsqlCommand.ExecuteNonQuery(Boolean async, CancellationToken cancellationToken)
         at Basil.Infrastructure.Storage.Writing.DatabaseWriter.RunSnapshotAsync(Pending pending) in V:\Code\cs\osuBasil\src\Infrastructure\Storage\Writing\DatabaseWriter.cs:line 218
         at Basil.Infrastructure.Storage.Writing.DatabaseWriter.RunSnapshotAsync(Pending pending) in V:\Code\cs\osuBasil\src\Infrastructure\Storage\Writing\DatabaseWriter.cs:line 218
         at Basil.Infrastructure.Storage.Writing.DatabaseWriter.RunSnapshotAsync(Pending pending) in V:\Code\cs\osuBasil\src\Infrastructure\Storage\Writing\DatabaseWriter.cs:line 218
         at Basil.Infrastructure.Storage.Writing.DatabaseWriter.RunAsync(Root root, Pending pending) in V:\Code\cs\osuBasil\src\Infrastructure\Storage\Writing\DatabaseWriter.cs:line 160
        Exception data:
          Severity: FATAL
          SqlState: 57P01
          MessageText: terminating connection due to administrator command
          File: postgres.c
          Line: 3356
          Routine: ProcessInterrupts
warn: Basil.Infrastructure.Storage.Writing.DatabaseWriter[0]
      A write of Root { Kind = Match, Id = 33 } could not be stored; trying again in 00:00:00.0500000
      Npgsql.PostgresException (0x80004005): 57P01: terminating connection due to administrator command
         at Npgsql.Internal.NpgsqlConnector.ReadMessageLong(Boolean async, DataRowLoadingMode dataRowLoadingMode, Boolean readingNotifications, Boolean isReadingPrependedMessage)
         at System.Runtime.CompilerServices.PoolingAsyncValueTaskMethodBuilder`1.StateMachineBox`1.System.Threading.Tasks.Sources.IValueTaskSource<TResult>.GetResult(Int16 token)
         at Npgsql.Internal.NpgsqlConnector.ReadMessageLong(Boolean async, DataRowLoadingMode dataRowLoadingMode, Boolean readingNotifications, Boolean isReadingPrependedMessage)
         at System.Runtime.CompilerServices.PoolingAsyncValueTaskMethodBuilder`1.StateMachineBox`1.System.Threading.Tasks.Sources.IValueTaskSource<TResult>.GetResult(Int16 token)
         at Npgsql.NpgsqlDataReader.NextResult(Boolean async, Boolean isConsuming, CancellationToken cancellationToken)
         at Npgsql.NpgsqlDataReader.NextResult(Boolean async, Boolean isConsuming, CancellationToken cancellationToken)
         at Npgsql.NpgsqlCommand.ExecuteReader(Boolean async, CommandBehavior behavior, CancellationToken cancellationToken)
         at Npgsql.NpgsqlCommand.ExecuteReader(Boolean async, CommandBehavior behavior, CancellationToken cancellationToken)
         at Npgsql.NpgsqlCommand.ExecuteNonQuery(Boolean async, CancellationToken cancellationToken)
         at Basil.Infrastructure.Storage.Writing.DatabaseWriter.RunSnapshotAsync(Pending pending) in V:\Code\cs\osuBasil\src\Infrastructure\Storage\Writing\DatabaseWriter.cs:line 218
         at Basil.Infrastructure.Storage.Writing.DatabaseWriter.RunSnapshotAsync(Pending pending) in V:\Code\cs\osuBasil\src\Infrastructure\Storage\Writing\DatabaseWriter.cs:line 218
         at Basil.Infrastructure.Storage.Writing.DatabaseWriter.RunSnapshotAsync(Pending pending) in V:\Code\cs\osuBasil\src\Infrastructure\Storage\Writing\DatabaseWriter.cs:line 218
         at Basil.Infrastructure.Storage.Writing.DatabaseWriter.RunAsync(Root root, Pending pending) in V:\Code\cs\osuBasil\src\Infrastructure\Storage\Writing\DatabaseWriter.cs:line 160
        Exception data:
          Severity: FATAL
          SqlState: 57P01
          MessageText: terminating connection due to administrator command
          File: postgres.c
          Line: 3356
          Routine: ProcessInterrupts
warn: Basil.Infrastructure.Storage.Writing.DatabaseWriter[0]
      A write of Root { Kind = Match, Id = 6 } could not be stored; trying again in 00:00:00.0500000
      Npgsql.PostgresException (0x80004005): 57P01: terminating connection due to administrator command
         at Npgsql.Internal.NpgsqlConnector.ReadMessageLong(Boolean async, DataRowLoadingMode dataRowLoadingMode, Boolean readingNotifications, Boolean isReadingPrependedMessage)
         at System.Runtime.CompilerServices.PoolingAsyncValueTaskMethodBuilder`1.StateMachineBox`1.System.Threading.Tasks.Sources.IValueTaskSource<TResult>.GetResult(Int16 token)
         at Npgsql.Internal.NpgsqlConnector.ReadMessageLong(Boolean async, DataRowLoadingMode dataRowLoadingMode, Boolean readingNotifications, Boolean isReadingPrependedMessage)
         at System.Runtime.CompilerServices.PoolingAsyncValueTaskMethodBuilder`1.StateMachineBox`1.System.Threading.Tasks.Sources.IValueTaskSource<TResult>.GetResult(Int16 token)
         at Npgsql.NpgsqlDataReader.NextResult(Boolean async, Boolean isConsuming, CancellationToken cancellationToken)
         at Npgsql.NpgsqlDataReader.NextResult(Boolean async, Boolean isConsuming, CancellationToken cancellationToken)
         at Npgsql.NpgsqlCommand.ExecuteReader(Boolean async, CommandBehavior behavior, CancellationToken cancellationToken)
         at Npgsql.NpgsqlCommand.ExecuteReader(Boolean async, CommandBehavior behavior, CancellationToken cancellationToken)
         at Npgsql.NpgsqlCommand.ExecuteNonQuery(Boolean async, CancellationToken cancellationToken)
         at Basil.Infrastructure.Storage.Writing.DatabaseWriter.RunSnapshotAsync(Pending pending) in V:\Code\cs\osuBasil\src\Infrastructure\Storage\Writing\DatabaseWriter.cs:line 218
         at Basil.Infrastructure.Storage.Writing.DatabaseWriter.RunSnapshotAsync(Pending pending) in V:\Code\cs\osuBasil\src\Infrastructure\Storage\Writing\DatabaseWriter.cs:line 218
         at Basil.Infrastructure.Storage.Writing.DatabaseWriter.RunSnapshotAsync(Pending pending) in V:\Code\cs\osuBasil\src\Infrastructure\Storage\Writing\DatabaseWriter.cs:line 218
         at Basil.Infrastructure.Storage.Writing.DatabaseWriter.RunAsync(Root root, Pending pending) in V:\Code\cs\osuBasil\src\Infrastructure\Storage\Writing\DatabaseWriter.cs:line 160
        Exception data:
          Severity: FATAL
          SqlState: 57P01
          MessageText: terminating connection due to administrator command
          File: postgres.c
          Line: 3356
          Routine: ProcessInterrupts
warn: Basil.Infrastructure.Storage.Writing.DatabaseWriter[0]
      A write of Root { Kind = Match, Id = 32 } could not be stored; trying again in 00:00:00.0500000
      Npgsql.PostgresException (0x80004005): 57P01: terminating connection due to administrator command
         at Npgsql.Internal.NpgsqlConnector.ReadMessageLong(Boolean async, DataRowLoadingMode dataRowLoadingMode, Boolean readingNotifications, Boolean isReadingPrependedMessage)
         at System.Runtime.CompilerServices.PoolingAsyncValueTaskMethodBuilder`1.StateMachineBox`1.System.Threading.Tasks.Sources.IValueTaskSource<TResult>.GetResult(Int16 token)
         at Npgsql.Internal.NpgsqlConnector.ReadMessageLong(Boolean async, DataRowLoadingMode dataRowLoadingMode, Boolean readingNotifications, Boolean isReadingPrependedMessage)
         at System.Runtime.CompilerServices.PoolingAsyncValueTaskMethodBuilder`1.StateMachineBox`1.System.Threading.Tasks.Sources.IValueTaskSource<TResult>.GetResult(Int16 token)
         at Npgsql.NpgsqlDataReader.NextResult(Boolean async, Boolean isConsuming, CancellationToken cancellationToken)
         at Npgsql.NpgsqlDataReader.NextResult(Boolean async, Boolean isConsuming, CancellationToken cancellationToken)
         at Npgsql.NpgsqlCommand.ExecuteReader(Boolean async, CommandBehavior behavior, CancellationToken cancellationToken)
         at Npgsql.NpgsqlCommand.ExecuteReader(Boolean async, CommandBehavior behavior, CancellationToken cancellationToken)
         at Npgsql.NpgsqlCommand.ExecuteNonQuery(Boolean async, CancellationToken cancellationToken)
         at Basil.Infrastructure.Storage.Writing.DatabaseWriter.RunSnapshotAsync(Pending pending) in V:\Code\cs\osuBasil\src\Infrastructure\Storage\Writing\DatabaseWriter.cs:line 218
         at Basil.Infrastructure.Storage.Writing.DatabaseWriter.RunSnapshotAsync(Pending pending) in V:\Code\cs\osuBasil\src\Infrastructure\Storage\Writing\DatabaseWriter.cs:line 218
         at Basil.Infrastructure.Storage.Writing.DatabaseWriter.RunSnapshotAsync(Pending pending) in V:\Code\cs\osuBasil\src\Infrastructure\Storage\Writing\DatabaseWriter.cs:line 218
         at Basil.Infrastructure.Storage.Writing.DatabaseWriter.RunAsync(Root root, Pending pending) in V:\Code\cs\osuBasil\src\Infrastructure\Storage\Writing\DatabaseWriter.cs:line 160
        Exception data:
          Severity: FATAL
          SqlState: 57P01
          MessageText: terminating connection due to administrator command
          File: postgres.c
          Line: 3356
          Routine: ProcessInterrupts
warn: Basil.Infrastructure.Storage.Writing.DatabaseWriter[0]
      A write of Root { Kind = Match, Id = 28 } could not be stored; trying again in 00:00:00.0500000
      Npgsql.PostgresException (0x80004005): 57P01: terminating connection due to administrator command
         at Npgsql.Internal.NpgsqlConnector.ReadMessageLong(Boolean async, DataRowLoadingMode dataRowLoadingMode, Boolean readingNotifications, Boolean isReadingPrependedMessage)
         at System.Runtime.CompilerServices.PoolingAsyncValueTaskMethodBuilder`1.StateMachineBox`1.System.Threading.Tasks.Sources.IValueTaskSource<TResult>.GetResult(Int16 token)
         at Npgsql.NpgsqlDataReader.NextResult(Boolean async, Boolean isConsuming, CancellationToken cancellationToken)
         at Npgsql.NpgsqlDataReader.NextResult(Boolean async, Boolean isConsuming, CancellationToken cancellationToken)
         at Npgsql.NpgsqlCommand.ExecuteReader(Boolean async, CommandBehavior behavior, CancellationToken cancellationToken)
         at Npgsql.NpgsqlCommand.ExecuteReader(Boolean async, CommandBehavior behavior, CancellationToken cancellationToken)
         at Npgsql.NpgsqlCommand.ExecuteNonQuery(Boolean async, CancellationToken cancellationToken)
         at Basil.Infrastructure.Storage.Writing.DatabaseWriter.RunSnapshotAsync(Pending pending) in V:\Code\cs\osuBasil\src\Infrastructure\Storage\Writing\DatabaseWriter.cs:line 218
         at Basil.Infrastructure.Storage.Writing.DatabaseWriter.RunSnapshotAsync(Pending pending) in V:\Code\cs\osuBasil\src\Infrastructure\Storage\Writing\DatabaseWriter.cs:line 218
         at Basil.Infrastructure.Storage.Writing.DatabaseWriter.RunSnapshotAsync(Pending pending) in V:\Code\cs\osuBasil\src\Infrastructure\Storage\Writing\DatabaseWriter.cs:line 218
         at Basil.Infrastructure.Storage.Writing.DatabaseWriter.RunAsync(Root root, Pending pending) in V:\Code\cs\osuBasil\src\Infrastructure\Storage\Writing\DatabaseWriter.cs:line 160
        Exception data:
          Severity: FATAL
          SqlState: 57P01
          MessageText: terminating connection due to administrator command
          File: postgres.c
          Line: 3356
          Routine: ProcessInterrupts
      terminated 8 backends at write 25000
warn: Basil.Infrastructure.Storage.Writing.DatabaseWriter[0]
      A write of Root { Kind = Match, Id = 17 } could not be stored; trying again in 00:00:00.0500000
      Npgsql.PostgresException (0x80004005): 57P01: terminating connection due to administrator command
         at Npgsql.Internal.NpgsqlConnector.ReadMessageLong(Boolean async, DataRowLoadingMode dataRowLoadingMode, Boolean readingNotifications, Boolean isReadingPrependedMessage)
         at System.Runtime.CompilerServices.PoolingAsyncValueTaskMethodBuilder`1.StateMachineBox`1.System.Threading.Tasks.Sources.IValueTaskSource<TResult>.GetResult(Int16 token)
         at Npgsql.Internal.NpgsqlConnector.ReadMessageLong(Boolean async, DataRowLoadingMode dataRowLoadingMode, Boolean readingNotifications, Boolean isReadingPrependedMessage)
         at System.Runtime.CompilerServices.PoolingAsyncValueTaskMethodBuilder`1.StateMachineBox`1.System.Threading.Tasks.Sources.IValueTaskSource<TResult>.GetResult(Int16 token)
         at Npgsql.NpgsqlDataReader.NextResult(Boolean async, Boolean isConsuming, CancellationToken cancellationToken)
         at Npgsql.NpgsqlDataReader.NextResult(Boolean async, Boolean isConsuming, CancellationToken cancellationToken)
         at Npgsql.NpgsqlCommand.ExecuteReader(Boolean async, CommandBehavior behavior, CancellationToken cancellationToken)
         at Npgsql.NpgsqlCommand.ExecuteReader(Boolean async, CommandBehavior behavior, CancellationToken cancellationToken)
         at Npgsql.NpgsqlCommand.ExecuteNonQuery(Boolean async, CancellationToken cancellationToken)
         at Basil.Infrastructure.Storage.Writing.DatabaseWriter.RunSnapshotAsync(Pending pending) in V:\Code\cs\osuBasil\src\Infrastructure\Storage\Writing\DatabaseWriter.cs:line 218
         at Basil.Infrastructure.Storage.Writing.DatabaseWriter.RunSnapshotAsync(Pending pending) in V:\Code\cs\osuBasil\src\Infrastructure\Storage\Writing\DatabaseWriter.cs:line 218
         at Basil.Infrastructure.Storage.Writing.DatabaseWriter.RunSnapshotAsync(Pending pending) in V:\Code\cs\osuBasil\src\Infrastructure\Storage\Writing\DatabaseWriter.cs:line 218
         at Basil.Infrastructure.Storage.Writing.DatabaseWriter.RunAsync(Root root, Pending pending) in V:\Code\cs\osuBasil\src\Infrastructure\Storage\Writing\DatabaseWriter.cs:line 160
        Exception data:
          Severity: FATAL
          SqlState: 57P01
          MessageText: terminating connection due to administrator command
          File: postgres.c
          Line: 3356
          Routine: ProcessInterrupts
warn: Basil.Infrastructure.Storage.Writing.DatabaseWriter[0]
      A write of Root { Kind = Match, Id = 10 } could not be stored; trying again in 00:00:00.0500000
      Npgsql.PostgresException (0x80004005): 57P01: terminating connection due to administrator command
         at Npgsql.Internal.NpgsqlConnector.ReadMessageLong(Boolean async, DataRowLoadingMode dataRowLoadingMode, Boolean readingNotifications, Boolean isReadingPrependedMessage)
         at System.Runtime.CompilerServices.PoolingAsyncValueTaskMethodBuilder`1.StateMachineBox`1.System.Threading.Tasks.Sources.IValueTaskSource<TResult>.GetResult(Int16 token)
         at Npgsql.Internal.NpgsqlConnector.ReadMessageLong(Boolean async, DataRowLoadingMode dataRowLoadingMode, Boolean readingNotifications, Boolean isReadingPrependedMessage)
         at System.Runtime.CompilerServices.PoolingAsyncValueTaskMethodBuilder`1.StateMachineBox`1.System.Threading.Tasks.Sources.IValueTaskSource<TResult>.GetResult(Int16 token)
         at Npgsql.NpgsqlDataReader.NextResult(Boolean async, Boolean isConsuming, CancellationToken cancellationToken)
         at Npgsql.NpgsqlDataReader.NextResult(Boolean async, Boolean isConsuming, CancellationToken cancellationToken)
         at Npgsql.NpgsqlCommand.ExecuteReader(Boolean async, CommandBehavior behavior, CancellationToken cancellationToken)
         at Npgsql.NpgsqlCommand.ExecuteReader(Boolean async, CommandBehavior behavior, CancellationToken cancellationToken)
         at Npgsql.NpgsqlCommand.ExecuteNonQuery(Boolean async, CancellationToken cancellationToken)
         at Basil.Infrastructure.Storage.Writing.DatabaseWriter.RunSnapshotAsync(Pending pending) in V:\Code\cs\osuBasil\src\Infrastructure\Storage\Writing\DatabaseWriter.cs:line 218
         at Basil.Infrastructure.Storage.Writing.DatabaseWriter.RunSnapshotAsync(Pending pending) in V:\Code\cs\osuBasil\src\Infrastructure\Storage\Writing\DatabaseWriter.cs:line 218
         at Basil.Infrastructure.Storage.Writing.DatabaseWriter.RunSnapshotAsync(Pending pending) in V:\Code\cs\osuBasil\src\Infrastructure\Storage\Writing\DatabaseWriter.cs:line 218
         at Basil.Infrastructure.Storage.Writing.DatabaseWriter.RunAsync(Root root, Pending pending) in V:\Code\cs\osuBasil\src\Infrastructure\Storage\Writing\DatabaseWriter.cs:line 160
        Exception data:
          Severity: FATAL
          SqlState: 57P01
          MessageText: terminating connection due to administrator command
          File: postgres.c
          Line: 3356
          Routine: ProcessInterrupts
warn: Basil.Infrastructure.Storage.Writing.DatabaseWriter[0]
      A write of Root { Kind = Match, Id = 23 } could not be stored; trying again in 00:00:00.0500000
      Npgsql.PostgresException (0x80004005): 57P01: terminating connection due to administrator command
         at Npgsql.Internal.NpgsqlConnector.ReadMessageLong(Boolean async, DataRowLoadingMode dataRowLoadingMode, Boolean readingNotifications, Boolean isReadingPrependedMessage)
         at System.Runtime.CompilerServices.PoolingAsyncValueTaskMethodBuilder`1.StateMachineBox`1.System.Threading.Tasks.Sources.IValueTaskSource<TResult>.GetResult(Int16 token)
         at Npgsql.NpgsqlDataReader.NextResult(Boolean async, Boolean isConsuming, CancellationToken cancellationToken)
         at Npgsql.NpgsqlDataReader.NextResult(Boolean async, Boolean isConsuming, CancellationToken cancellationToken)
         at Npgsql.NpgsqlCommand.ExecuteReader(Boolean async, CommandBehavior behavior, CancellationToken cancellationToken)
         at Npgsql.NpgsqlCommand.ExecuteReader(Boolean async, CommandBehavior behavior, CancellationToken cancellationToken)
         at Npgsql.NpgsqlCommand.ExecuteNonQuery(Boolean async, CancellationToken cancellationToken)
         at Basil.Infrastructure.Storage.Writing.DatabaseWriter.RunSnapshotAsync(Pending pending) in V:\Code\cs\osuBasil\src\Infrastructure\Storage\Writing\DatabaseWriter.cs:line 218
         at Basil.Infrastructure.Storage.Writing.DatabaseWriter.RunSnapshotAsync(Pending pending) in V:\Code\cs\osuBasil\src\Infrastructure\Storage\Writing\DatabaseWriter.cs:line 218
         at Basil.Infrastructure.Storage.Writing.DatabaseWriter.RunSnapshotAsync(Pending pending) in V:\Code\cs\osuBasil\src\Infrastructure\Storage\Writing\DatabaseWriter.cs:line 218
         at Basil.Infrastructure.Storage.Writing.DatabaseWriter.RunAsync(Root root, Pending pending) in V:\Code\cs\osuBasil\src\Infrastructure\Storage\Writing\DatabaseWriter.cs:line 160
        Exception data:
          Severity: FATAL
          SqlState: 57P01
          MessageText: terminating connection due to administrator command
          File: postgres.c
          Line: 3356
          Routine: ProcessInterrupts
warn: Basil.Infrastructure.Storage.Writing.DatabaseWriter[0]
      A write of Root { Kind = Match, Id = 16 } could not be stored; trying again in 00:00:00.0500000
      Npgsql.PostgresException (0x80004005): 57P01: terminating connection due to administrator command
         at Npgsql.Internal.NpgsqlConnector.ReadMessageLong(Boolean async, DataRowLoadingMode dataRowLoadingMode, Boolean readingNotifications, Boolean isReadingPrependedMessage)
         at System.Runtime.CompilerServices.PoolingAsyncValueTaskMethodBuilder`1.StateMachineBox`1.System.Threading.Tasks.Sources.IValueTaskSource<TResult>.GetResult(Int16 token)
         at Npgsql.NpgsqlDataReader.NextResult(Boolean async, Boolean isConsuming, CancellationToken cancellationToken)
         at Npgsql.NpgsqlDataReader.NextResult(Boolean async, Boolean isConsuming, CancellationToken cancellationToken)
         at Npgsql.NpgsqlCommand.ExecuteReader(Boolean async, CommandBehavior behavior, CancellationToken cancellationToken)
         at Npgsql.NpgsqlCommand.ExecuteReader(Boolean async, CommandBehavior behavior, CancellationToken cancellationToken)
         at Npgsql.NpgsqlCommand.ExecuteNonQuery(Boolean async, CancellationToken cancellationToken)
         at Basil.Infrastructure.Storage.Writing.DatabaseWriter.RunSnapshotAsync(Pending pending) in V:\Code\cs\osuBasil\src\Infrastructure\Storage\Writing\DatabaseWriter.cs:line 218
         at Basil.Infrastructure.Storage.Writing.DatabaseWriter.RunSnapshotAsync(Pending pending) in V:\Code\cs\osuBasil\src\Infrastructure\Storage\Writing\DatabaseWriter.cs:line 218
         at Basil.Infrastructure.Storage.Writing.DatabaseWriter.RunSnapshotAsync(Pending pending) in V:\Code\cs\osuBasil\src\Infrastructure\Storage\Writing\DatabaseWriter.cs:line 218
         at Basil.Infrastructure.Storage.Writing.DatabaseWriter.RunAsync(Root root, Pending pending) in V:\Code\cs\osuBasil\src\Infrastructure\Storage\Writing\DatabaseWriter.cs:line 160
        Exception data:
          Severity: FATAL
          SqlState: 57P01
          MessageText: terminating connection due to administrator command
          File: postgres.c
          Line: 3356
          Routine: ProcessInterrupts
warn: Basil.Infrastructure.Storage.Writing.DatabaseWriter[0]
      A write of Root { Kind = Match, Id = 36 } could not be stored; trying again in 00:00:00.0500000
      Npgsql.PostgresException (0x80004005): 57P01: terminating connection due to administrator command
         at Npgsql.Internal.NpgsqlConnector.ReadMessageLong(Boolean async, DataRowLoadingMode dataRowLoadingMode, Boolean readingNotifications, Boolean isReadingPrependedMessage)
         at System.Runtime.CompilerServices.PoolingAsyncValueTaskMethodBuilder`1.StateMachineBox`1.System.Threading.Tasks.Sources.IValueTaskSource<TResult>.GetResult(Int16 token)
         at Npgsql.Internal.NpgsqlConnector.ReadMessageLong(Boolean async, DataRowLoadingMode dataRowLoadingMode, Boolean readingNotifications, Boolean isReadingPrependedMessage)
         at System.Runtime.CompilerServices.PoolingAsyncValueTaskMethodBuilder`1.StateMachineBox`1.System.Threading.Tasks.Sources.IValueTaskSource<TResult>.GetResult(Int16 token)
         at Npgsql.NpgsqlDataReader.NextResult(Boolean async, Boolean isConsuming, CancellationToken cancellationToken)
         at Npgsql.NpgsqlDataReader.NextResult(Boolean async, Boolean isConsuming, CancellationToken cancellationToken)
         at Npgsql.NpgsqlCommand.ExecuteReader(Boolean async, CommandBehavior behavior, CancellationToken cancellationToken)
         at Npgsql.NpgsqlCommand.ExecuteReader(Boolean async, CommandBehavior behavior, CancellationToken cancellationToken)
         at Npgsql.NpgsqlCommand.ExecuteNonQuery(Boolean async, CancellationToken cancellationToken)
         at Basil.Infrastructure.Storage.Writing.DatabaseWriter.RunSnapshotAsync(Pending pending) in V:\Code\cs\osuBasil\src\Infrastructure\Storage\Writing\DatabaseWriter.cs:line 218
         at Basil.Infrastructure.Storage.Writing.DatabaseWriter.RunSnapshotAsync(Pending pending) in V:\Code\cs\osuBasil\src\Infrastructure\Storage\Writing\DatabaseWriter.cs:line 218
         at Basil.Infrastructure.Storage.Writing.DatabaseWriter.RunSnapshotAsync(Pending pending) in V:\Code\cs\osuBasil\src\Infrastructure\Storage\Writing\DatabaseWriter.cs:line 218
         at Basil.Infrastructure.Storage.Writing.DatabaseWriter.RunAsync(Root root, Pending pending) in V:\Code\cs\osuBasil\src\Infrastructure\Storage\Writing\DatabaseWriter.cs:line 160
        Exception data:
          Severity: FATAL
          SqlState: 57P01
          MessageText: terminating connection due to administrator command
          File: postgres.c
          Line: 3356
          Routine: ProcessInterrupts
warn: Basil.Infrastructure.Storage.Writing.DatabaseWriter[0]
      A write of Root { Kind = User, Id = 1 } could not be stored; trying again in 00:00:00.0500000
      Npgsql.NpgsqlException (0x80004005): Exception while writing to stream
       ---> System.IO.IOException: Unable to write data to the transport connection: An existing connection was forcibly closed by the remote host..
       ---> System.Net.Sockets.SocketException (10054): An existing connection was forcibly closed by the remote host.
         at System.Net.Sockets.Socket.AwaitableSocketAsyncEventArgs.CreateException(SocketError error, Boolean forAsyncThrow)
         at System.Net.Sockets.Socket.AwaitableSocketAsyncEventArgs.SendAsyncForNetworkStream(Socket socket, CancellationToken cancellationToken)
         at System.Net.Sockets.Socket.SendAsyncForNetworkStream(ReadOnlyMemory`1 buffer, SocketFlags socketFlags, CancellationToken cancellationToken)
         at System.Net.Sockets.NetworkStream.WriteAsync(Byte[] buffer, Int32 offset, Int32 count, CancellationToken cancellationToken)
         at Npgsql.Internal.NpgsqlWriteBuffer.Flush(Boolean async, CancellationToken cancellationToken)
         at System.Runtime.CompilerServices.AsyncMethodBuilderCore.Start[TStateMachine](TStateMachine& stateMachine)
         at Npgsql.Internal.NpgsqlWriteBuffer.Flush(Boolean async, CancellationToken cancellationToken)
         at Npgsql.Internal.NpgsqlConnector.Flush(Boolean async, CancellationToken cancellationToken)
         at Npgsql.NpgsqlCommand.<Write>g__WriteExecute|103_0(NpgsqlConnector connector, Boolean async, Boolean flush, CancellationToken cancellationToken)
         at System.Runtime.CompilerServices.AsyncMethodBuilderCore.Start[TStateMachine](TStateMachine& stateMachine)
         at Npgsql.NpgsqlCommand.<Write>g__WriteExecute|103_0(NpgsqlConnector connector, Boolean async, Boolean flush, CancellationToken cancellationToken)
         at Npgsql.NpgsqlCommand.Write(NpgsqlConnector connector, Boolean async, Boolean flush, CancellationToken cancellationToken)
         at Npgsql.NpgsqlCommand.ExecuteReader(Boolean async, CommandBehavior behavior, CancellationToken cancellationToken)
         at System.Runtime.CompilerServices.AsyncMethodBuilderCore.Start[TStateMachine](TStateMachine& stateMachine)
         at Npgsql.NpgsqlCommand.ExecuteReader(Boolean async, CommandBehavior behavior, CancellationToken cancellationToken)
         at Npgsql.NpgsqlCommand.ExecuteNonQuery(Boolean async, CancellationToken cancellationToken)
         at System.Runtime.CompilerServices.AsyncMethodBuilderCore.Start[TStateMachine](TStateMachine& stateMachine)
         at Npgsql.NpgsqlCommand.ExecuteNonQueryAsync(CancellationToken cancellationToken)
         at Basil.Infrastructure.Storage.Writing.DatabaseWriter.RunTryOpAsync(Pending pending) in V:\Code\cs\osuBasil\src\Infrastructure\Storage\Writing\DatabaseWriter.cs:line 230
         at System.Runtime.CompilerServices.AsyncMethodBuilderCore.Start[TStateMachine](TStateMachine& stateMachine)
         at Basil.Infrastructure.Storage.Writing.DatabaseWriter.RunTryOpAsync(Pending pending)
         at Basil.Infrastructure.Storage.Writing.DatabaseWriter.RunAsync(Root root, Pending pending) in V:\Code\cs\osuBasil\src\Infrastructure\Storage\Writing\DatabaseWriter.cs:line 162
         at System.Threading.ExecutionContext.RunInternal(ExecutionContext executionContext, ContextCallback callback, Object state)
         at System.Runtime.CompilerServices.AsyncTaskMethodBuilder`1.AsyncStateMachineBox`1.MoveNext(Thread threadPoolThread)
         at System.Threading.Tasks.AwaitTaskContinuation.RunOrScheduleAction(IAsyncStateMachineBox box, Boolean allowInlining)
         at System.Threading.Tasks.Task.RunContinuations(Object continuationObject)
         at System.Threading.Tasks.Task`1.TrySetResult(TResult result)
         at System.Runtime.CompilerServices.AsyncTaskMethodBuilder`1.SetExistingTaskResult(Task`1 task, TResult result)
         at System.Threading.SemaphoreSlim.WaitUntilCountOrTimeoutAsync(TaskNode asyncWaiter, Int64 millisecondsTimeout, CancellationToken cancellationToken)
         at System.Threading.ExecutionContext.RunInternal(ExecutionContext executionContext, ContextCallback callback, Object state)
         at System.Runtime.CompilerServices.AsyncTaskMethodBuilder`1.AsyncStateMachineBox`1.MoveNext(Thread threadPoolThread)
         at System.Threading.Tasks.AwaitTaskContinuation.RunOrScheduleAction(IAsyncStateMachineBox box, Boolean allowInlining)
         at System.Threading.Tasks.Task.RunContinuations(Object continuationObject)
         at System.Threading.Tasks.Task`1.TrySetResult(TResult result)
         at System.Threading.Tasks.Task.CancellationPromise`1.System.Threading.Tasks.ITaskCompletionAction.Invoke(Task completingTask)
         at System.Threading.ThreadPoolWorkQueue.Dispatch()
         at System.Threading.PortableThreadPool.WorkerThread.WorkerThreadStart()
         at System.Threading.Thread.StartCallback()
      --- End of stack trace from previous location ---
      
         --- End of inner exception stack trace ---
         at Npgsql.Internal.NpgsqlWriteBuffer.Flush(Boolean async, CancellationToken cancellationToken)
         at Npgsql.Internal.NpgsqlWriteBuffer.Flush(Boolean async, CancellationToken cancellationToken)
         at Npgsql.NpgsqlCommand.<Write>g__WriteExecute|103_0(NpgsqlConnector connector, Boolean async, Boolean flush, CancellationToken cancellationToken)
         at Npgsql.NpgsqlCommand.ExecuteReader(Boolean async, CommandBehavior behavior, CancellationToken cancellationToken)
         at Npgsql.NpgsqlCommand.ExecuteReader(Boolean async, CommandBehavior behavior, CancellationToken cancellationToken)
         at Npgsql.NpgsqlCommand.ExecuteNonQuery(Boolean async, CancellationToken cancellationToken)
         at Basil.Infrastructure.Storage.Writing.DatabaseWriter.RunTryOpAsync(Pending pending) in V:\Code\cs\osuBasil\src\Infrastructure\Storage\Writing\DatabaseWriter.cs:line 230
         at Basil.Infrastructure.Storage.Writing.DatabaseWriter.RunTryOpAsync(Pending pending) in V:\Code\cs\osuBasil\src\Infrastructure\Storage\Writing\DatabaseWriter.cs:line 230
         at Basil.Infrastructure.Storage.Writing.DatabaseWriter.RunTryOpAsync(Pending pending) in V:\Code\cs\osuBasil\src\Infrastructure\Storage\Writing\DatabaseWriter.cs:line 235
         at Basil.Infrastructure.Storage.Writing.DatabaseWriter.RunTryOpAsync(Pending pending) in V:\Code\cs\osuBasil\src\Infrastructure\Storage\Writing\DatabaseWriter.cs:line 235
         at Basil.Infrastructure.Storage.Writing.DatabaseWriter.RunAsync(Root root, Pending pending) in V:\Code\cs\osuBasil\src\Infrastructure\Storage\Writing\DatabaseWriter.cs:line 162
PASS  after three terminations every write of the flood is stored
PASS  and none is stored twice
PASS  each of the 20 racing try-operations is stored exactly once
PASS  shutdown stores every queued write
ALL PASS
