# Superseded run 2 (2026-10-08): steady-load probe added; capacity also read from pg_stat_database counters, 5 runs per lane count.
# Tail of the benchmark output as captured by the run.
| 1 | 1 | 2.88 | 21153 | 19751 | 510 | 12.2 | 32.0 | 35.6 |
| 1 | 2 | 2.88 | 21204 | 22774 | 421 | 9.3 | 15.2 | 20.2 |
| 1 | 3 | 3.05 | 20018 | 21257 | 458 | 8.9 | 14.3 | 14.5 |
| 1 | 4 | 2.89 | 21087 | 22286 | 411 | 8.8 | 15.7 | 15.8 |
| 1 | 5 | 3.97 | 15350 | 16346 | 558 | 8.6 | 13.6 | 13.7 |
| 2 | 1 | 1.91 | 31969 | 35774 | 377 | 9.1 | 32.1 | 102.0 |
| 2 | 2 | 2.02 | 30203 | 27663 | 386 | 7.0 | 12.9 | 53.2 |
| 2 | 3 | 1.92 | 31750 | 31535 | 358 | 6.9 | 13.2 | 39.0 |
| 2 | 4 | 2.10 | 28980 | 30979 | 397 | 7.0 | 15.2 | 192.6 |
| 2 | 5 | 1.99 | 30727 | 31428 | 360 | 7.3 | 14.8 | 95.1 |
| 4 | 1 | 1.33 | 45696 | 53920 | 360 | 5.9 | 10.9 | 182.6 |
| 4 | 2 | 1.42 | 42915 | 46757 | 290 | 6.2 | 33.7 | 112.6 |
| 4 | 3 | 1.59 | 38351 | 42408 | 314 | 5.9 | 11.2 | 101.3 |
| 4 | 4 | 1.32 | 46295 | 51810 | 315 | 6.0 | 18.9 | 50.4 |
| 4 | 5 | 1.35 | 45343 | 50176 | 322 | 6.2 | 33.6 | 152.2 |
| 8 | 1 | 1.22 | 49825 | 55151 | 462 | 6.0 | 16.7 | 205.2 |
| 8 | 2 | 1.03 | 59144 | 23575 | 326 | 5.9 | 12.2 | 124.5 |
| 8 | 3 | 1.05 | 57978 | 14123 | 307 | 6.2 | 30.4 | 122.6 |
| 8 | 4 | 1.01 | 60559 | 7595 | 317 | 6.0 | 13.8 | 136.2 |
| 8 | 5 | 1.01 | 60392 | 7773 | 315 | 6.5 | 72.2 | 115.7 |

Medians:

| lanes | writes/s | rows/s | try p50 ms | try p99 ms | try max ms |
|---|---|---|---|---|---|
| 1 | 21087 | 21257 | 8.9 | 15.2 | 15.8 |
| 2 | 30727 | 31428 | 7.0 | 14.8 | 95.1 |
| 4 | 45343 | 50176 | 6.0 | 18.9 | 112.6 |
| 8 | 59144 | 14123 | 6.0 | 16.7 | 124.5 |

Rule: smallest lane count within 10% of the best capacity (50176 rows/s) and with a steady-load p99 no worse than 1.1 × 14.8 ms + 1 ms: none

## pg_trgm index on users.safe_name (partial-name search, median of 7, ms)

| users | with index | without index |
|---|---|---|
| 1000 | 0.142 | 0.137 |
| 100000 | 0.706 | 12.905 |

## fillfactor on frequently updated tables (HOT share of updates)

| table | fillfactor 90 | fillfactor 100 |
|---|---|---|
| users | 99.4% | 98.2% |
| user_stats | 99.5% | 98.3% |

[exited with code 0]
